// Jest Snapshot v1, https://goo.gl/fbAQLP

exports[`component app renders correctly app 1`] = `
<div>
  <div
    className="flex-box"
  >
    <form
      id="form-submit"
      onSubmit={[Function]}
    >
      <div
        className="col-flex"
      >
        <textarea
          className="ta-style"
          id="inputText"
          name="main_input"
          rows="4"
        />
        <input
          name="text"
          type="text"
        />
      </div>
      <div
        className="col-flex"
      >
        <button
          type="submit"
        >
          Submit
        </button>
      </div>
    </form>
  </div>
  <div
    className="flex-box horizontal-flex"
  />
</div>
`;
