// Jest Snapshot v1, https://goo.gl/fbAQLP

exports[`renders correctly 1`] = `
<div
  className="flex-box horizontal-flex"
>
  <div>
    <div
      className="col-flex"
    >
      <p>
        1
        . 
        prop
      </p>
    </div>
    <button
      onClick={[Function]}
    >
      ลบf
    </button>
  </div>
</div>
`;
